
Discarded input sections

 .group         0x0000000000000000        0xc ./pr4_lab.o

Memory Configuration

Name             Origin             Length             Attributes
*default*        0x0000000000000000 0xffffffffffffffff

Linker script and memory map

LOAD ./fun_asm.o
LOAD ./pr4_lab.o
LOAD c:/software/electronica/eclipserv/sysgcc/bin/../lib/gcc/riscv64-unknown-elf/10.1.0/rv32im/ilp32\libgcc.a
START GROUP
LOAD c:/software/electronica/eclipserv/sysgcc/bin/../lib/gcc/riscv64-unknown-elf/10.1.0/../../../../riscv64-unknown-elf/lib/rv32im/ilp32\libc.a
LOAD c:/software/electronica/eclipserv/sysgcc/bin/../lib/gcc/riscv64-unknown-elf/10.1.0/../../../../riscv64-unknown-elf/lib/rv32im/ilp32\libgloss.a
END GROUP
LOAD c:/software/electronica/eclipserv/sysgcc/bin/../lib/gcc/riscv64-unknown-elf/10.1.0/rv32im/ilp32\libgcc.a
                0x0000000000000000                . = 0x0

.text           0x0000000000000000       0xac
 *(.text)
 .text          0x0000000000000000       0xac ./fun_asm.o
                0x000000000000005c                mul
                0x0000000000000064                i_sqrt
 .text          0x00000000000000ac        0x0 ./pr4_lab.o

.text.guardar   0x00000000000000ac       0x34
 .text.guardar  0x00000000000000ac       0x34 ./pr4_lab.o
                0x00000000000000ac                guardar

.text.eucl_dist
                0x00000000000000e0       0xa0
 .text.eucl_dist
                0x00000000000000e0       0xa0 ./pr4_lab.o
                0x00000000000000e0                eucl_dist

.rela.dyn       0x0000000000000180        0x0
 .rela.text     0x0000000000000180        0x0 ./fun_asm.o
                0x0000000000010000                . = 0x10000

.data           0x0000000000010000       0x28
 *(.data)
 .data          0x0000000000010000       0x28 ./fun_asm.o
 .data          0x0000000000010028        0x0 ./pr4_lab.o

.bss            0x0000000000010028        0x1
 *(.bss)
 .bss           0x0000000000010028        0x1 ./fun_asm.o
 .bss           0x0000000000010029        0x0 ./pr4_lab.o

.rodata
 *(.rodata)
                0x0000000000020000                _stack = 0x20000
OUTPUT(pr4_lab.elf elf32-littleriscv)

.riscv.attributes
                0x0000000000000000       0x21
 .riscv.attributes
                0x0000000000000000       0x1f ./fun_asm.o
 .riscv.attributes
                0x000000000000001f       0x21 ./pr4_lab.o

.comment        0x0000000000000000       0x12
 .comment       0x0000000000000000       0x12 ./pr4_lab.o
                                         0x13 (size before relaxing)

.debug_line     0x0000000000000000      0x200
 .debug_line    0x0000000000000000      0x123 ./fun_asm.o
 .debug_line    0x0000000000000123       0xdd ./pr4_lab.o

.debug_info     0x0000000000000000       0xfc
 .debug_info    0x0000000000000000       0x26 ./fun_asm.o
 .debug_info    0x0000000000000026       0xd6 ./pr4_lab.o

.debug_abbrev   0x0000000000000000       0xc0
 .debug_abbrev  0x0000000000000000       0x14 ./fun_asm.o
 .debug_abbrev  0x0000000000000014       0xac ./pr4_lab.o

.debug_aranges  0x0000000000000000       0x48
 .debug_aranges
                0x0000000000000000       0x20 ./fun_asm.o
 .debug_aranges
                0x0000000000000020       0x28 ./pr4_lab.o

.debug_str      0x0000000000000000     0x2403
 .debug_str     0x0000000000000000       0x4a ./fun_asm.o
 .debug_str     0x000000000000004a     0x23b9 ./pr4_lab.o
                                       0x23ed (size before relaxing)

.debug_ranges   0x0000000000000000       0x18
 .debug_ranges  0x0000000000000000       0x18 ./pr4_lab.o

.debug_macro    0x0000000000000000      0x6f9
 .debug_macro   0x0000000000000000       0x11 ./pr4_lab.o
 .debug_macro   0x0000000000000011      0x6e8 ./pr4_lab.o

.debug_frame    0x0000000000000000       0x5c
 .debug_frame   0x0000000000000000       0x5c ./pr4_lab.o
