
Discarded input sections

 .group         0x0000000000000000        0xc ./fun_c.o

Memory Configuration

Name             Origin             Length             Attributes
*default*        0x0000000000000000 0xffffffffffffffff

Linker script and memory map

LOAD ./ClasificaSistema.o
LOAD ./IntercambiarEcc.o
LOAD ./TrianguloInferior.o
LOAD ./TrianguloSuperior.o
LOAD ./fun_asm.o
LOAD ./fun_c.o
LOAD c:/users/diego/downloads/eclipserv/eclipse/sysgcc/bin/../lib/gcc/riscv64-unknown-elf/10.1.0/rv32im/ilp32\libgcc.a
START GROUP
LOAD c:/users/diego/downloads/eclipserv/eclipse/sysgcc/bin/../lib/gcc/riscv64-unknown-elf/10.1.0/../../../../riscv64-unknown-elf/lib/rv32im/ilp32\libc.a
LOAD c:/users/diego/downloads/eclipserv/eclipse/sysgcc/bin/../lib/gcc/riscv64-unknown-elf/10.1.0/../../../../riscv64-unknown-elf/lib/rv32im/ilp32\libgloss.a
END GROUP
LOAD c:/users/diego/downloads/eclipserv/eclipse/sysgcc/bin/../lib/gcc/riscv64-unknown-elf/10.1.0/rv32im/ilp32\libgcc.a
                0x0000000000000000                . = 0x0

.text           0x0000000000000000      0x760
 *(.text)
 .text          0x0000000000000000        0x0 ./ClasificaSistema.o
 .text          0x0000000000000000      0x1b8 ./IntercambiarEcc.o
                0x0000000000000000                revisaEccCorrectas
                0x00000000000000e0                ajustaCols
                0x000000000000015c                intercambiaCols
 .text          0x00000000000001b8      0x280 ./TrianguloInferior.o
                0x00000000000001b8                mcm
                0x0000000000000304                restarEcc
 .text          0x0000000000000438      0x24c ./TrianguloSuperior.o
                0x0000000000000438                cerosTrianguloSup
 .text          0x0000000000000684       0xdc ./fun_asm.o
                0x0000000000000684                main
 .text          0x0000000000000760        0x0 ./fun_c.o

.text.restaNumerador
                0x0000000000000760       0x48
 .text.restaNumerador
                0x0000000000000760       0x48 ./fun_c.o
                0x0000000000000760                restaNumerador

.text.calculaIndice
                0x00000000000007a8       0x48
 .text.calculaIndice
                0x00000000000007a8       0x48 ./fun_c.o
                0x00000000000007a8                calculaIndice

.text.enArray   0x00000000000007f0       0x70
 .text.enArray  0x00000000000007f0       0x70 ./fun_c.o
                0x00000000000007f0                enArray
                0x0000000000010000                . = 0x10000

.data           0x0000000000010000       0x98
 *(.data)
 .data          0x0000000000010000        0x0 ./ClasificaSistema.o
 .data          0x0000000000010000        0x0 ./IntercambiarEcc.o
 .data          0x0000000000010000        0x0 ./TrianguloInferior.o
 .data          0x0000000000010000        0x0 ./TrianguloSuperior.o
 .data          0x0000000000010000       0x98 ./fun_asm.o
 .data          0x0000000000010098        0x0 ./fun_c.o

.bss            0x0000000000010098       0x28
 *(.bss)
 .bss           0x0000000000010098        0x0 ./ClasificaSistema.o
 .bss           0x0000000000010098        0x0 ./IntercambiarEcc.o
 .bss           0x0000000000010098        0x0 ./TrianguloInferior.o
 .bss           0x0000000000010098        0x0 ./TrianguloSuperior.o
 .bss           0x0000000000010098       0x28 ./fun_asm.o
 .bss           0x00000000000100c0        0x0 ./fun_c.o

.rodata
 *(.rodata)
                0x0000000000020000                _stack = 0x20000
OUTPUT(pr5.elf elf32-littleriscv)

.riscv.attributes
                0x0000000000000000       0x21
 .riscv.attributes
                0x0000000000000000       0x1f ./ClasificaSistema.o
 .riscv.attributes
                0x000000000000001f       0x1f ./IntercambiarEcc.o
 .riscv.attributes
                0x000000000000003e       0x1f ./TrianguloInferior.o
 .riscv.attributes
                0x000000000000005d       0x1f ./TrianguloSuperior.o
 .riscv.attributes
                0x000000000000007c       0x1f ./fun_asm.o
 .riscv.attributes
                0x000000000000009b       0x21 ./fun_c.o

.comment        0x0000000000000000       0x12
 .comment       0x0000000000000000       0x12 ./fun_c.o
                                         0x13 (size before relaxing)

.debug_line     0x0000000000000000      0xcf5
 .debug_line    0x0000000000000000      0x2d5 ./IntercambiarEcc.o
 .debug_line    0x00000000000002d5      0x403 ./TrianguloInferior.o
 .debug_line    0x00000000000006d8      0x3b3 ./TrianguloSuperior.o
 .debug_line    0x0000000000000a8b      0x165 ./fun_asm.o
 .debug_line    0x0000000000000bf0      0x105 ./fun_c.o

.debug_info     0x0000000000000000      0x1b6
 .debug_info    0x0000000000000000       0x26 ./IntercambiarEcc.o
 .debug_info    0x0000000000000026       0x26 ./TrianguloInferior.o
 .debug_info    0x000000000000004c       0x26 ./TrianguloSuperior.o
 .debug_info    0x0000000000000072       0x26 ./fun_asm.o
 .debug_info    0x0000000000000098      0x11e ./fun_c.o

.debug_abbrev   0x0000000000000000       0xf1
 .debug_abbrev  0x0000000000000000       0x14 ./IntercambiarEcc.o
 .debug_abbrev  0x0000000000000014       0x14 ./TrianguloInferior.o
 .debug_abbrev  0x0000000000000028       0x14 ./TrianguloSuperior.o
 .debug_abbrev  0x000000000000003c       0x14 ./fun_asm.o
 .debug_abbrev  0x0000000000000050       0xa1 ./fun_c.o

.debug_aranges  0x0000000000000000       0xb0
 .debug_aranges
                0x0000000000000000       0x20 ./IntercambiarEcc.o
 .debug_aranges
                0x0000000000000020       0x20 ./TrianguloInferior.o
 .debug_aranges
                0x0000000000000040       0x20 ./TrianguloSuperior.o
 .debug_aranges
                0x0000000000000060       0x20 ./fun_asm.o
 .debug_aranges
                0x0000000000000080       0x30 ./fun_c.o

.debug_str      0x0000000000000000     0x245e
 .debug_str     0x0000000000000000       0x4e ./IntercambiarEcc.o
 .debug_str     0x000000000000004e       0x19 ./TrianguloInferior.o
                                         0x50 (size before relaxing)
 .debug_str     0x0000000000000067       0x19 ./TrianguloSuperior.o
                                         0x50 (size before relaxing)
 .debug_str     0x0000000000000080        0xf ./fun_asm.o
                                         0x46 (size before relaxing)
 .debug_str     0x000000000000008f     0x23cf ./fun_c.o
                                       0x23fa (size before relaxing)

.debug_ranges   0x0000000000000000       0x20
 .debug_ranges  0x0000000000000000       0x20 ./fun_c.o

.debug_macro    0x0000000000000000      0x6ff
 .debug_macro   0x0000000000000000       0x17 ./fun_c.o
 .debug_macro   0x0000000000000017      0x6e8 ./fun_c.o

.debug_frame    0x0000000000000000       0x7c
 .debug_frame   0x0000000000000000       0x7c ./fun_c.o
